Used names
	src/main/scala/Foo.scala: <init>, bar, foo
Number of compilations: 1
